Component: ARM Compiler 5.06 update 5 (build 528) Tool: armlink [4d35e2]

==============================================================================

Section Cross References

    main.o(i.main) refers to _printf_percent.o(.ARM.Collect$$_printf_percent$$00000000) for _printf_percent
    main.o(i.main) refers to _printf_d.o(.ARM.Collect$$_printf_percent$$00000009) for _printf_d
    main.o(i.main) refers to _printf_s.o(.ARM.Collect$$_printf_percent$$00000014) for _printf_s
    main.o(i.main) refers to _printf_dec.o(.text) for _printf_int_dec
    main.o(i.main) refers to _printf_str.o(.text) for _printf_str
    main.o(i.main) refers to btn.o(i.BTN_Init) for BTN_Init
    main.o(i.main) refers to lcd.o(i.LCD_Init) for LCD_Init
    main.o(i.main) refers to lcd.o(i.LCD_ClearString) for LCD_ClearString
    main.o(i.main) refers to lcd.o(i.LCD_PutString) for LCD_PutString
    main.o(i.main) refers to noretval__2snprintf.o(.text) for __2snprintf
    main.o(i.main) refers to snake.o(i.play_snake) for play_snake
    lcd.o(i.LCD_ClearPage) refers to lcd.o(i.LCD_SetPage) for LCD_SetPage
    lcd.o(i.LCD_ClearPage) refers to lcd.o(i.LCD_SetAddress) for LCD_SetAddress
    lcd.o(i.LCD_ClearPage) refers to lcd.o(i.LCD_ReadStatus) for LCD_ReadStatus
    lcd.o(i.LCD_ClearPage) refers to lcd.o(i.LCD_WriteData) for LCD_WriteData
    lcd.o(i.LCD_ClearScreen) refers to lcd.o(i.LCD_ClearPage) for LCD_ClearPage
    lcd.o(i.LCD_ClearString) refers to lcd.o(i.LCD_ClearPage) for LCD_ClearPage
    lcd.o(i.LCD_Disable) refers to lcd.o(i.LCD_DataBusDirection) for LCD_DataBusDirection
    lcd.o(i.LCD_Disable) refers to lcd.o(i.LCD_SetDataBits) for LCD_SetDataBits
    lcd.o(i.LCD_Disable) refers to lcd.o(i.LCD_Reset) for LCD_Reset
    lcd.o(i.LCD_Disable) refers to system_mdr32f9qx.o(.data) for SystemCoreClock
    lcd.o(i.LCD_Enable) refers to lcd.o(i.LCD_DataBusDirection) for LCD_DataBusDirection
    lcd.o(i.LCD_Enable) refers to lcd.o(i.LCD_SetDataBits) for LCD_SetDataBits
    lcd.o(i.LCD_Enable) refers to lcd.o(i.LCD_Reset) for LCD_Reset
    lcd.o(i.LCD_Enable) refers to system_mdr32f9qx.o(.data) for SystemCoreClock
    lcd.o(i.LCD_Init) refers to lcd.o(i.LCD_PortCfg) for LCD_PortCfg
    lcd.o(i.LCD_Init) refers to lcd.o(i.LCD_ReadStatus) for LCD_ReadStatus
    lcd.o(i.LCD_Init) refers to lcd.o(i.LCD_Enable) for LCD_Enable
    lcd.o(i.LCD_Init) refers to lcd.o(i.LCD_ClearScreen) for LCD_ClearScreen
    lcd.o(i.LCD_Init) refers to lcd.o(i.LCD_PutImage) for LCD_PutImage
    lcd.o(i.LCD_Init) refers to system_mdr32f9qx.o(.data) for SystemCoreClock
    lcd.o(i.LCD_Init) refers to lcd.o(.constdata) for header
    lcd.o(i.LCD_PutImage) refers to lcd.o(i.LCD_SetPage) for LCD_SetPage
    lcd.o(i.LCD_PutImage) refers to lcd.o(i.LCD_SetAddress) for LCD_SetAddress
    lcd.o(i.LCD_PutImage) refers to lcd.o(i.LCD_ReadStatus) for LCD_ReadStatus
    lcd.o(i.LCD_PutImage) refers to lcd.o(i.LCD_WriteData) for LCD_WriteData
    lcd.o(i.LCD_PutString) refers to lcd.o(i.LCD_PutSymbol) for LCD_PutSymbol
    lcd.o(i.LCD_PutSymbol) refers to lcd.o(i.LCD_SetPage) for LCD_SetPage
    lcd.o(i.LCD_PutSymbol) refers to lcd.o(i.LCD_SetAddress) for LCD_SetAddress
    lcd.o(i.LCD_PutSymbol) refers to lcd.o(i.LCD_ReadStatus) for LCD_ReadStatus
    lcd.o(i.LCD_PutSymbol) refers to lcd.o(i.LCD_WriteData) for LCD_WriteData
    lcd.o(i.LCD_PutSymbol) refers to lcd.o(.constdata) for font
    lcd.o(i.LCD_ReadData) refers to lcd.o(i.LCD_DataBusDirection) for LCD_DataBusDirection
    lcd.o(i.LCD_ReadData) refers to lcd.o(i.LCD_SetDataBits) for LCD_SetDataBits
    lcd.o(i.LCD_ReadData) refers to lcd.o(i.LCD_Reset) for LCD_Reset
    lcd.o(i.LCD_ReadData) refers to system_mdr32f9qx.o(.data) for SystemCoreClock
    lcd.o(i.LCD_ReadStatus) refers to lcd.o(i.LCD_DataBusDirection) for LCD_DataBusDirection
    lcd.o(i.LCD_ReadStatus) refers to lcd.o(i.LCD_Reset) for LCD_Reset
    lcd.o(i.LCD_ReadStatus) refers to system_mdr32f9qx.o(.data) for SystemCoreClock
    lcd.o(i.LCD_Reset) refers to lcd.o(i.LCD_DataBusDirection) for LCD_DataBusDirection
    lcd.o(i.LCD_Reset) refers to system_mdr32f9qx.o(.data) for SystemCoreClock
    lcd.o(i.LCD_ScrollString) refers to strlen.o(.text) for strlen
    lcd.o(i.LCD_ScrollString) refers to lcd.o(i.LCD_PutString) for LCD_PutString
    lcd.o(i.LCD_SetAddress) refers to lcd.o(i.LCD_DataBusDirection) for LCD_DataBusDirection
    lcd.o(i.LCD_SetAddress) refers to lcd.o(i.LCD_SetDataBits) for LCD_SetDataBits
    lcd.o(i.LCD_SetAddress) refers to lcd.o(i.LCD_Reset) for LCD_Reset
    lcd.o(i.LCD_SetAddress) refers to system_mdr32f9qx.o(.data) for SystemCoreClock
    lcd.o(i.LCD_SetPage) refers to lcd.o(i.LCD_DataBusDirection) for LCD_DataBusDirection
    lcd.o(i.LCD_SetPage) refers to lcd.o(i.LCD_SetDataBits) for LCD_SetDataBits
    lcd.o(i.LCD_SetPage) refers to lcd.o(i.LCD_Reset) for LCD_Reset
    lcd.o(i.LCD_SetPage) refers to system_mdr32f9qx.o(.data) for SystemCoreClock
    lcd.o(i.LCD_WriteData) refers to lcd.o(i.LCD_DataBusDirection) for LCD_DataBusDirection
    lcd.o(i.LCD_WriteData) refers to lcd.o(i.LCD_SetDataBits) for LCD_SetDataBits
    lcd.o(i.LCD_WriteData) refers to lcd.o(i.LCD_Reset) for LCD_Reset
    lcd.o(i.LCD_WriteData) refers to system_mdr32f9qx.o(.data) for SystemCoreClock
    led.o(i.all_off) refers to led.o(i.set_registers) for set_registers
    led.o(i.all_off) refers to led.o(.data) for register_1
    led.o(i.set_registers) refers to led.o(i.shiftOut) for shiftOut
    led.o(i.set_registers) refers to led.o(.data) for register_7
    led.o(i.switch_off) refers to led.o(i.select_led) for select_led
    led.o(i.switch_off) refers to led.o(i.set_registers) for set_registers
    led.o(i.switch_off) refers to led.o(.data) for register_1
    led.o(i.switch_on) refers to led.o(i.select_led) for select_led
    led.o(i.switch_on) refers to led.o(i.set_registers) for set_registers
    led.o(i.switch_on) refers to led.o(.data) for register_1
    snake.o(i.draw_food) refers to led.o(i.switch_on) for switch_on
    snake.o(i.draw_snake) refers to led.o(i.switch_on) for switch_on
    snake.o(i.generate_food) refers to rand.o(.emb_text) for rand
    snake.o(i.move_snake) refers to snake.o(i.generate_food) for generate_food
    snake.o(i.play_snake) refers to _printf_percent.o(.ARM.Collect$$_printf_percent$$00000000) for _printf_percent
    snake.o(i.play_snake) refers to _printf_d.o(.ARM.Collect$$_printf_percent$$00000009) for _printf_d
    snake.o(i.play_snake) refers to _printf_s.o(.ARM.Collect$$_printf_percent$$00000014) for _printf_s
    snake.o(i.play_snake) refers to _printf_dec.o(.text) for _printf_int_dec
    snake.o(i.play_snake) refers to _printf_str.o(.text) for _printf_str
    snake.o(i.play_snake) refers to led.o(i.all_off) for all_off
    snake.o(i.play_snake) refers to snake.o(i.init_snake) for init_snake
    snake.o(i.play_snake) refers to snake.o(i.generate_food) for generate_food
    snake.o(i.play_snake) refers to lcd.o(i.LCD_ClearString) for LCD_ClearString
    snake.o(i.play_snake) refers to noretval__2snprintf.o(.text) for __2snprintf
    snake.o(i.play_snake) refers to lcd.o(i.LCD_PutString) for LCD_PutString
    snake.o(i.play_snake) refers to snake.o(i.set_direction) for set_direction
    snake.o(i.play_snake) refers to snake.o(i.move_snake) for move_snake
    snake.o(i.play_snake) refers to snake.o(i.draw_snake) for draw_snake
    snake.o(i.play_snake) refers to snake.o(i.draw_food) for draw_food
    snake.o(i.play_snake) refers to led.o(i.delay) for delay
    startup_mdr32f9qx.o(STACK) refers (Special) to heapauxi.o(.text) for __use_two_region_memory
    startup_mdr32f9qx.o(HEAP) refers (Special) to heapauxi.o(.text) for __use_two_region_memory
    startup_mdr32f9qx.o(RESET) refers (Special) to heapauxi.o(.text) for __use_two_region_memory
    startup_mdr32f9qx.o(RESET) refers to startup_mdr32f9qx.o(STACK) for __initial_sp
    startup_mdr32f9qx.o(RESET) refers to startup_mdr32f9qx.o(.text) for Reset_Handler
    startup_mdr32f9qx.o(.text) refers (Special) to heapauxi.o(.text) for __use_two_region_memory
    startup_mdr32f9qx.o(.text) refers to system_mdr32f9qx.o(i.SystemInit) for SystemInit
    startup_mdr32f9qx.o(.text) refers to __main.o(!!!main) for __main
    startup_mdr32f9qx.o(.text) refers to startup_mdr32f9qx.o(HEAP) for Heap_Mem
    startup_mdr32f9qx.o(.text) refers to startup_mdr32f9qx.o(STACK) for Stack_Mem
    system_mdr32f9qx.o(i.SystemCoreClockUpdate) refers to system_mdr32f9qx.o(.data) for SystemCoreClock
    system_mdr32f9qx.o(i.SystemInit) refers to system_mdr32f9qx.o(i.SystemCoreClockUpdate) for SystemCoreClockUpdate
    __2snprintf.o(.text) refers to _printf_char_common.o(.text) for _printf_char_common
    __2snprintf.o(.text) refers to _sputc.o(.text) for _sputc
    __2snprintf.o(.text) refers to _snputc.o(.text) for _snputc
    noretval__2snprintf.o(.text) refers to _printf_char_common.o(.text) for _printf_char_common
    noretval__2snprintf.o(.text) refers to _sputc.o(.text) for _sputc
    noretval__2snprintf.o(.text) refers to _snputc.o(.text) for _snputc
    __printf.o(.text) refers to _printf_percent.o(.ARM.Collect$$_printf_percent$$00000000) for _printf_percent
    _printf_str.o(.text) refers (Special) to _printf_char.o(.text) for _printf_cs_common
    _printf_dec.o(.text) refers to _printf_intcommon.o(.text) for _printf_int_common
    __printf_flags.o(.text) refers to _printf_percent.o(.ARM.Collect$$_printf_percent$$00000000) for _printf_percent
    __printf_flags.o(.text) refers to __printf_flags.o(.constdata) for .constdata
    __printf_ss.o(.text) refers to _printf_percent.o(.ARM.Collect$$_printf_percent$$00000000) for _printf_percent
    __printf_flags_ss.o(.text) refers to _printf_percent.o(.ARM.Collect$$_printf_percent$$00000000) for _printf_percent
    __printf_flags_ss.o(.text) refers to __printf_flags_ss.o(.constdata) for .constdata
    __printf_wp.o(.text) refers to __printf_wp.o(i._is_digit) for _is_digit
    __printf_wp.o(.text) refers to _printf_percent.o(.ARM.Collect$$_printf_percent$$00000000) for _printf_percent
    __printf_flags_wp.o(.text) refers to __printf_wp.o(i._is_digit) for _is_digit
    __printf_flags_wp.o(.text) refers to _printf_percent.o(.ARM.Collect$$_printf_percent$$00000000) for _printf_percent
    __printf_flags_wp.o(.text) refers to __printf_flags_wp.o(.constdata) for .constdata
    __printf_ss_wp.o(.text) refers to __printf_wp.o(i._is_digit) for _is_digit
    __printf_ss_wp.o(.text) refers to _printf_percent.o(.ARM.Collect$$_printf_percent$$00000000) for _printf_percent
    __printf_flags_ss_wp.o(.text) refers to __printf_wp.o(i._is_digit) for _is_digit
    __printf_flags_ss_wp.o(.text) refers to _printf_percent.o(.ARM.Collect$$_printf_percent$$00000000) for _printf_percent
    __printf_flags_ss_wp.o(.text) refers to __printf_flags_ss_wp.o(.constdata) for .constdata
    _printf_s.o(.ARM.Collect$$_printf_percent$$00000014) refers (Weak) to _printf_char.o(.text) for _printf_string
    _printf_d.o(.ARM.Collect$$_printf_percent$$00000009) refers (Weak) to _printf_dec.o(.text) for _printf_int_dec
    _printf_percent.o(.ARM.Collect$$_printf_percent$$00000000) refers (Special) to _printf_percent_end.o(.ARM.Collect$$_printf_percent$$00000017) for _printf_percent_end
    rand.o(.emb_text) refers (Special) to libinit2.o(.ARM.Collect$$libinit$$0000000D) for __rt_lib_init_rand_2
    rand.o(.emb_text) refers to rand.o(.text) for _rand_init
    rand.o(.emb_text) refers to rand.o(.bss) for _random_number_data
    rand.o(.text) refers (Special) to libinit2.o(.ARM.Collect$$libinit$$0000000D) for __rt_lib_init_rand_2
    rand.o(.text) refers to rand.o(.bss) for .bss
    rand.o(.bss) refers (Special) to libinit2.o(.ARM.Collect$$libinit$$0000000D) for __rt_lib_init_rand_2
    __main.o(!!!main) refers to __rtentry.o(.ARM.Collect$$rtentry$$00000000) for __rt_entry
    __rtentry.o(.ARM.Collect$$rtentry$$00000000) refers (Special) to __rtentry2.o(.ARM.Collect$$rtentry$$0000000A) for __rt_entry_li
    __rtentry.o(.ARM.Collect$$rtentry$$00000000) refers (Special) to __rtentry2.o(.ARM.Collect$$rtentry$$0000000D) for __rt_entry_main
    __rtentry.o(.ARM.Collect$$rtentry$$00000000) refers (Special) to __rtentry2.o(.ARM.Collect$$rtentry$$0000000C) for __rt_entry_postli_1
    __rtentry.o(.ARM.Collect$$rtentry$$00000000) refers (Special) to __rtentry2.o(.ARM.Collect$$rtentry$$00000009) for __rt_entry_postsh_1
    __rtentry.o(.ARM.Collect$$rtentry$$00000000) refers (Special) to __rtentry2.o(.ARM.Collect$$rtentry$$00000002) for __rt_entry_presh_1
    __rtentry.o(.ARM.Collect$$rtentry$$00000000) refers (Special) to __rtentry4.o(.ARM.Collect$$rtentry$$00000004) for __rt_entry_sh
    _printf_char_common.o(.text) refers to __printf.o(.text) for __printf
    _printf_char.o(.text) refers (Weak) to _printf_str.o(.text) for _printf_str
    libinit2.o(.ARM.Collect$$libinit$$0000000D) refers (Weak) to rand.o(.text) for _rand_init
    libinit2.o(.ARM.Collect$$libinit$$00000010) refers to libinit2.o(.ARM.Collect$$libinit$$0000000F) for .ARM.Collect$$libinit$$0000000F
    libinit2.o(.ARM.Collect$$libinit$$00000012) refers to libinit2.o(.ARM.Collect$$libinit$$0000000F) for .ARM.Collect$$libinit$$0000000F
    libinit2.o(.ARM.Collect$$libinit$$00000014) refers to libinit2.o(.ARM.Collect$$libinit$$0000000F) for .ARM.Collect$$libinit$$0000000F
    libinit2.o(.ARM.Collect$$libinit$$00000016) refers to libinit2.o(.ARM.Collect$$libinit$$0000000F) for .ARM.Collect$$libinit$$0000000F
    libinit2.o(.ARM.Collect$$libinit$$00000018) refers to libinit2.o(.ARM.Collect$$libinit$$0000000F) for .ARM.Collect$$libinit$$0000000F
    libinit2.o(.ARM.Collect$$libinit$$00000026) refers to argv_veneer.o(.emb_text) for __ARM_argv_veneer
    libinit2.o(.ARM.Collect$$libinit$$00000027) refers to argv_veneer.o(.emb_text) for __ARM_argv_veneer
    __rtentry2.o(.ARM.Collect$$rtentry$$00000008) refers to boardinit2.o(.text) for _platform_post_stackheap_init
    __rtentry2.o(.ARM.Collect$$rtentry$$0000000A) refers to libinit.o(.ARM.Collect$$libinit$$00000000) for __rt_lib_init
    __rtentry2.o(.ARM.Collect$$rtentry$$0000000B) refers to boardinit3.o(.text) for _platform_post_lib_init
    __rtentry2.o(.ARM.Collect$$rtentry$$0000000D) refers to main.o(i.main) for main
    __rtentry2.o(.ARM.Collect$$rtentry$$0000000D) refers to exit.o(.text) for exit
    __rtentry2.o(.ARM.exidx) refers to __rtentry2.o(.ARM.Collect$$rtentry$$00000001) for .ARM.Collect$$rtentry$$00000001
    __rtentry2.o(.ARM.exidx) refers to __rtentry2.o(.ARM.Collect$$rtentry$$00000008) for .ARM.Collect$$rtentry$$00000008
    __rtentry2.o(.ARM.exidx) refers to __rtentry2.o(.ARM.Collect$$rtentry$$0000000A) for .ARM.Collect$$rtentry$$0000000A
    __rtentry2.o(.ARM.exidx) refers to __rtentry2.o(.ARM.Collect$$rtentry$$0000000B) for .ARM.Collect$$rtentry$$0000000B
    __rtentry2.o(.ARM.exidx) refers to __rtentry2.o(.ARM.Collect$$rtentry$$0000000D) for .ARM.Collect$$rtentry$$0000000D
    __rtentry4.o(.ARM.Collect$$rtentry$$00000004) refers to sys_stackheap_outer.o(.text) for __user_setup_stackheap
    __rtentry4.o(.ARM.exidx) refers to __rtentry4.o(.ARM.Collect$$rtentry$$00000004) for .ARM.Collect$$rtentry$$00000004
    argv_veneer.o(.emb_text) refers to no_argv.o(.text) for __ARM_get_argv
    sys_stackheap_outer.o(.text) refers to libspace.o(.text) for __user_perproc_libspace
    sys_stackheap_outer.o(.text) refers to startup_mdr32f9qx.o(.text) for __user_initial_stackheap
    exit.o(.text) refers to rtexit.o(.ARM.Collect$$rtexit$$00000000) for __rt_exit
    _get_argv_nomalloc.o(.text) refers (Special) to hrguard.o(.text) for __heap_region$guard
    _get_argv_nomalloc.o(.text) refers to defsig_rtmem_outer.o(.text) for __rt_SIGRTMEM
    _get_argv_nomalloc.o(.text) refers to sys_command.o(.text) for _sys_command_string
    libinit.o(.ARM.Collect$$libinit$$00000000) refers (Special) to libinit2.o(.ARM.Collect$$libinit$$0000002E) for __rt_lib_init_alloca_1
    libinit.o(.ARM.Collect$$libinit$$00000000) refers (Special) to libinit2.o(.ARM.Collect$$libinit$$0000002C) for __rt_lib_init_argv_1
    libinit.o(.ARM.Collect$$libinit$$00000000) refers (Special) to libinit2.o(.ARM.Collect$$libinit$$0000001B) for __rt_lib_init_atexit_1
    libinit.o(.ARM.Collect$$libinit$$00000000) refers (Special) to libinit2.o(.ARM.Collect$$libinit$$00000021) for __rt_lib_init_clock_1
    libinit.o(.ARM.Collect$$libinit$$00000000) refers (Special) to libinit2.o(.ARM.Collect$$libinit$$00000032) for __rt_lib_init_cpp_1
    libinit.o(.ARM.Collect$$libinit$$00000000) refers (Special) to libinit2.o(.ARM.Collect$$libinit$$00000030) for __rt_lib_init_exceptions_1
    libinit.o(.ARM.Collect$$libinit$$00000000) refers (Special) to libinit2.o(.ARM.Collect$$libinit$$00000002) for __rt_lib_init_fp_1
    libinit.o(.ARM.Collect$$libinit$$00000000) refers (Special) to libinit2.o(.ARM.Collect$$libinit$$0000001F) for __rt_lib_init_fp_trap_1
    libinit.o(.ARM.Collect$$libinit$$00000000) refers (Special) to libinit2.o(.ARM.Collect$$libinit$$00000023) for __rt_lib_init_getenv_1
    libinit.o(.ARM.Collect$$libinit$$00000000) refers (Special) to libinit2.o(.ARM.Collect$$libinit$$0000000A) for __rt_lib_init_heap_1
    libinit.o(.ARM.Collect$$libinit$$00000000) refers (Special) to libinit2.o(.ARM.Collect$$libinit$$00000011) for __rt_lib_init_lc_collate_1
    libinit.o(.ARM.Collect$$libinit$$00000000) refers (Special) to libinit2.o(.ARM.Collect$$libinit$$00000013) for __rt_lib_init_lc_ctype_1
    libinit.o(.ARM.Collect$$libinit$$00000000) refers (Special) to libinit2.o(.ARM.Collect$$libinit$$00000015) for __rt_lib_init_lc_monetary_1
    libinit.o(.ARM.Collect$$libinit$$00000000) refers (Special) to libinit2.o(.ARM.Collect$$libinit$$00000017) for __rt_lib_init_lc_numeric_1
    libinit.o(.ARM.Collect$$libinit$$00000000) refers (Special) to libinit2.o(.ARM.Collect$$libinit$$00000019) for __rt_lib_init_lc_time_1
    libinit.o(.ARM.Collect$$libinit$$00000000) refers (Special) to libinit2.o(.ARM.Collect$$libinit$$00000004) for __rt_lib_init_preinit_1
    libinit.o(.ARM.Collect$$libinit$$00000000) refers (Special) to libinit2.o(.ARM.Collect$$libinit$$0000000E) for __rt_lib_init_rand_1
    libinit.o(.ARM.Collect$$libinit$$00000000) refers (Special) to libinit2.o(.ARM.Collect$$libinit$$00000033) for __rt_lib_init_return
    libinit.o(.ARM.Collect$$libinit$$00000000) refers (Special) to libinit2.o(.ARM.Collect$$libinit$$0000001D) for __rt_lib_init_signal_1
    libinit.o(.ARM.Collect$$libinit$$00000000) refers (Special) to libinit2.o(.ARM.Collect$$libinit$$00000025) for __rt_lib_init_stdio_1
    libinit.o(.ARM.Collect$$libinit$$00000000) refers (Special) to libinit2.o(.ARM.Collect$$libinit$$0000000C) for __rt_lib_init_user_alloc_1
    sys_command.o(.text) refers (Special) to use_no_semi.o(.text) for __I$use$semihosting
    sys_command.o(.text) refers (Special) to indicate_semi.o(.text) for __semihosting_library_function
    libspace.o(.text) refers to libspace.o(.bss) for __libspace_start
    rtexit.o(.ARM.Collect$$rtexit$$00000000) refers (Special) to rtexit2.o(.ARM.Collect$$rtexit$$00000004) for __rt_exit_exit
    rtexit.o(.ARM.Collect$$rtexit$$00000000) refers (Special) to rtexit2.o(.ARM.Collect$$rtexit$$00000003) for __rt_exit_ls
    rtexit.o(.ARM.Collect$$rtexit$$00000000) refers (Special) to rtexit2.o(.ARM.Collect$$rtexit$$00000002) for __rt_exit_prels_1
    rtexit.o(.ARM.exidx) refers (Special) to rtexit2.o(.ARM.Collect$$rtexit$$00000004) for __rt_exit_exit
    rtexit.o(.ARM.exidx) refers (Special) to rtexit2.o(.ARM.Collect$$rtexit$$00000003) for __rt_exit_ls
    rtexit.o(.ARM.exidx) refers (Special) to rtexit2.o(.ARM.Collect$$rtexit$$00000002) for __rt_exit_prels_1
    rtexit.o(.ARM.exidx) refers to rtexit.o(.ARM.Collect$$rtexit$$00000000) for .ARM.Collect$$rtexit$$00000000
    defsig_rtmem_outer.o(.text) refers to defsig_rtmem_inner.o(.text) for __rt_SIGRTMEM_inner
    defsig_rtmem_outer.o(.text) refers to defsig_exit.o(.text) for __sig_exit
    defsig_rtmem_formal.o(.text) refers to rt_raise.o(.text) for __rt_raise
    rtexit2.o(.ARM.Collect$$rtexit$$00000003) refers to libshutdown.o(.ARM.Collect$$libshutdown$$00000000) for __rt_lib_shutdown
    rtexit2.o(.ARM.Collect$$rtexit$$00000004) refers to sys_exit.o(.text) for _sys_exit
    rtexit2.o(.ARM.exidx) refers to rtexit2.o(.ARM.Collect$$rtexit$$00000001) for .ARM.Collect$$rtexit$$00000001
    rtexit2.o(.ARM.exidx) refers to rtexit2.o(.ARM.Collect$$rtexit$$00000003) for .ARM.Collect$$rtexit$$00000003
    rtexit2.o(.ARM.exidx) refers to rtexit2.o(.ARM.Collect$$rtexit$$00000004) for .ARM.Collect$$rtexit$$00000004
    rt_raise.o(.text) refers to __raise.o(.text) for __raise
    rt_raise.o(.text) refers to sys_exit.o(.text) for _sys_exit
    defsig_exit.o(.text) refers to sys_exit.o(.text) for _sys_exit
    defsig_rtmem_inner.o(.text) refers to defsig_general.o(.text) for __default_signal_display
    sys_exit.o(.text) refers (Special) to use_no_semi.o(.text) for __I$use$semihosting
    sys_exit.o(.text) refers (Special) to indicate_semi.o(.text) for __semihosting_library_function
    __raise.o(.text) refers to defsig.o(CL$$defsig) for __default_signal_handler
    defsig_general.o(.text) refers to sys_wrch.o(.text) for _ttywrch
    libshutdown.o(.ARM.Collect$$libshutdown$$00000000) refers (Special) to libshutdown2.o(.ARM.Collect$$libshutdown$$00000002) for __rt_lib_shutdown_cpp_1
    libshutdown.o(.ARM.Collect$$libshutdown$$00000000) refers (Special) to libshutdown2.o(.ARM.Collect$$libshutdown$$00000007) for __rt_lib_shutdown_fp_trap_1
    libshutdown.o(.ARM.Collect$$libshutdown$$00000000) refers (Special) to libshutdown2.o(.ARM.Collect$$libshutdown$$0000000F) for __rt_lib_shutdown_heap_1
    libshutdown.o(.ARM.Collect$$libshutdown$$00000000) refers (Special) to libshutdown2.o(.ARM.Collect$$libshutdown$$00000010) for __rt_lib_shutdown_return
    libshutdown.o(.ARM.Collect$$libshutdown$$00000000) refers (Special) to libshutdown2.o(.ARM.Collect$$libshutdown$$0000000A) for __rt_lib_shutdown_signal_1
    libshutdown.o(.ARM.Collect$$libshutdown$$00000000) refers (Special) to libshutdown2.o(.ARM.Collect$$libshutdown$$00000004) for __rt_lib_shutdown_stdio_1
    libshutdown.o(.ARM.Collect$$libshutdown$$00000000) refers (Special) to libshutdown2.o(.ARM.Collect$$libshutdown$$0000000C) for __rt_lib_shutdown_user_alloc_1
    sys_wrch.o(.text) refers (Special) to use_no_semi.o(.text) for __I$use$semihosting
    sys_wrch.o(.text) refers (Special) to indicate_semi.o(.text) for __semihosting_library_function
    defsig.o(CL$$defsig) refers to defsig_rtmem_inner.o(.text) for __rt_SIGRTMEM_inner
    defsig_abrt_inner.o(.text) refers to defsig_general.o(.text) for __default_signal_display
    defsig_fpe_inner.o(.text) refers to defsig_general.o(.text) for __default_signal_display
    defsig_rtred_inner.o(.text) refers to defsig_general.o(.text) for __default_signal_display
    defsig_stak_inner.o(.text) refers to defsig_general.o(.text) for __default_signal_display
    defsig_pvfn_inner.o(.text) refers to defsig_general.o(.text) for __default_signal_display
    defsig_cppl_inner.o(.text) refers to defsig_general.o(.text) for __default_signal_display
    defsig_segv_inner.o(.text) refers to defsig_general.o(.text) for __default_signal_display
    defsig_other.o(.text) refers to defsig_general.o(.text) for __default_signal_display


==============================================================================

Removing Unused input sections from the image.

    Removing main.o(.rev16_text), (4 bytes).
    Removing main.o(.revsh_text), (4 bytes).
    Removing main.o(.constdata), (1596 bytes).
    Removing btn.o(.rev16_text), (4 bytes).
    Removing btn.o(.revsh_text), (4 bytes).
    Removing btn.o(.constdata), (1596 bytes).
    Removing lcd.o(.rev16_text), (4 bytes).
    Removing lcd.o(.revsh_text), (4 bytes).
    Removing lcd.o(i.LCD_Disable), (160 bytes).
    Removing lcd.o(i.LCD_ReadData), (212 bytes).
    Removing lcd.o(i.LCD_ScrollString), (198 bytes).
    Removing led.o(.rev16_text), (4 bytes).
    Removing led.o(.revsh_text), (4 bytes).
    Removing led.o(i.ports_init), (324 bytes).
    Removing led.o(i.switch_off), (184 bytes).
    Removing led.o(.constdata), (1596 bytes).
    Removing snake.o(.rev16_text), (4 bytes).
    Removing snake.o(.revsh_text), (4 bytes).
    Removing snake.o(.constdata), (1596 bytes).
    Removing system_mdr32f9qx.o(.rev16_text), (4 bytes).
    Removing system_mdr32f9qx.o(.revsh_text), (4 bytes).

21 unused section(s) (total 7510 bytes) removed from the image.

==============================================================================

Image Symbol Table

    Local Symbols

    Symbol Name                              Value     Ov Type        Size  Object(Section)

    ../clib/angel/boardlib.s                 0x00000000   Number         0  boardshut.o ABSOLUTE
    ../clib/angel/boardlib.s                 0x00000000   Number         0  boardinit3.o ABSOLUTE
    ../clib/angel/boardlib.s                 0x00000000   Number         0  boardinit2.o ABSOLUTE
    ../clib/angel/boardlib.s                 0x00000000   Number         0  boardinit1.o ABSOLUTE
    ../clib/angel/handlers.s                 0x00000000   Number         0  __scatter_zi.o ABSOLUTE
    ../clib/angel/handlers.s                 0x00000000   Number         0  __scatter_copy.o ABSOLUTE
    ../clib/angel/kernel.s                   0x00000000   Number         0  rtexit.o ABSOLUTE
    ../clib/angel/kernel.s                   0x00000000   Number         0  __rtentry.o ABSOLUTE
    ../clib/angel/kernel.s                   0x00000000   Number         0  __rtentry2.o ABSOLUTE
    ../clib/angel/kernel.s                   0x00000000   Number         0  __rtentry4.o ABSOLUTE
    ../clib/angel/kernel.s                   0x00000000   Number         0  rtexit2.o ABSOLUTE
    ../clib/angel/rt.s                       0x00000000   Number         0  rt_raise.o ABSOLUTE
    ../clib/angel/scatter.s                  0x00000000   Number         0  __scatter.o ABSOLUTE
    ../clib/angel/startup.s                  0x00000000   Number         0  __main.o ABSOLUTE
    ../clib/angel/sys.s                      0x00000000   Number         0  libspace.o ABSOLUTE
    ../clib/angel/sys.s                      0x00000000   Number         0  sys_stackheap_outer.o ABSOLUTE
    ../clib/angel/sys.s                      0x00000000   Number         0  indicate_semi.o ABSOLUTE
    ../clib/angel/sys.s                      0x00000000   Number         0  use_no_semi.o ABSOLUTE
    ../clib/angel/sysapp.c                   0x00000000   Number         0  sys_command.o ABSOLUTE
    ../clib/angel/sysapp.c                   0x00000000   Number         0  sys_wrch.o ABSOLUTE
    ../clib/angel/sysapp.c                   0x00000000   Number         0  sys_exit.o ABSOLUTE
    ../clib/armsys.c                         0x00000000   Number         0  no_argv.o ABSOLUTE
    ../clib/armsys.c                         0x00000000   Number         0  _get_argv_nomalloc.o ABSOLUTE
    ../clib/armsys.c                         0x00000000   Number         0  argv_veneer.o ABSOLUTE
    ../clib/armsys.c                         0x00000000   Number         0  argv_veneer.o ABSOLUTE
    ../clib/heapalloc.c                      0x00000000   Number         0  hrguard.o ABSOLUTE
    ../clib/heapaux.c                        0x00000000   Number         0  heapauxi.o ABSOLUTE
    ../clib/libinit.s                        0x00000000   Number         0  libshutdown.o ABSOLUTE
    ../clib/libinit.s                        0x00000000   Number         0  libinit.o ABSOLUTE
    ../clib/libinit.s                        0x00000000   Number         0  libshutdown2.o ABSOLUTE
    ../clib/libinit.s                        0x00000000   Number         0  libinit2.o ABSOLUTE
    ../clib/printf.c                         0x00000000   Number         0  __printf_ss.o ABSOLUTE
    ../clib/printf.c                         0x00000000   Number         0  __printf_flags.o ABSOLUTE
    ../clib/printf.c                         0x00000000   Number         0  __2snprintf.o ABSOLUTE
    ../clib/printf.c                         0x00000000   Number         0  _printf_str.o ABSOLUTE
    ../clib/printf.c                         0x00000000   Number         0  __printf.o ABSOLUTE
    ../clib/printf.c                         0x00000000   Number         0  noretval__2snprintf.o ABSOLUTE
    ../clib/printf.c                         0x00000000   Number         0  _printf_intcommon.o ABSOLUTE
    ../clib/printf.c                         0x00000000   Number         0  _printf_char_common.o ABSOLUTE
    ../clib/printf.c                         0x00000000   Number         0  _sputc.o ABSOLUTE
    ../clib/printf.c                         0x00000000   Number         0  _printf_char.o ABSOLUTE
    ../clib/printf.c                         0x00000000   Number         0  _snputc.o ABSOLUTE
    ../clib/printf.c                         0x00000000   Number         0  __printf_nopercent.o ABSOLUTE
    ../clib/printf.c                         0x00000000   Number         0  __printf_flags_ss_wp.o ABSOLUTE
    ../clib/printf.c                         0x00000000   Number         0  __printf_flags_wp.o ABSOLUTE
    ../clib/printf.c                         0x00000000   Number         0  _printf_dec.o ABSOLUTE
    ../clib/printf.c                         0x00000000   Number         0  __printf_ss_wp.o ABSOLUTE
    ../clib/printf.c                         0x00000000   Number         0  __printf_wp.o ABSOLUTE
    ../clib/printf.c                         0x00000000   Number         0  __printf_flags_ss.o ABSOLUTE
    ../clib/printf_percent.s                 0x00000000   Number         0  _printf_percent_end.o ABSOLUTE
    ../clib/printf_percent.s                 0x00000000   Number         0  _printf_s.o ABSOLUTE
    ../clib/printf_percent.s                 0x00000000   Number         0  _printf_d.o ABSOLUTE
    ../clib/printf_percent.s                 0x00000000   Number         0  _printf_percent.o ABSOLUTE
    ../clib/signal.c                         0x00000000   Number         0  defsig_rtmem_inner.o ABSOLUTE
    ../clib/signal.c                         0x00000000   Number         0  defsig_exit.o ABSOLUTE
    ../clib/signal.c                         0x00000000   Number         0  defsig_rtmem_formal.o ABSOLUTE
    ../clib/signal.c                         0x00000000   Number         0  defsig_rtmem_outer.o ABSOLUTE
    ../clib/signal.c                         0x00000000   Number         0  __raise.o ABSOLUTE
    ../clib/signal.c                         0x00000000   Number         0  defsig_abrt_inner.o ABSOLUTE
    ../clib/signal.c                         0x00000000   Number         0  defsig_general.o ABSOLUTE
    ../clib/signal.c                         0x00000000   Number         0  defsig_rtred_inner.o ABSOLUTE
    ../clib/signal.c                         0x00000000   Number         0  defsig_stak_inner.o ABSOLUTE
    ../clib/signal.c                         0x00000000   Number         0  defsig_pvfn_inner.o ABSOLUTE
    ../clib/signal.c                         0x00000000   Number         0  defsig_cppl_inner.o ABSOLUTE
    ../clib/signal.c                         0x00000000   Number         0  defsig_segv_inner.o ABSOLUTE
    ../clib/signal.c                         0x00000000   Number         0  defsig_other.o ABSOLUTE
    ../clib/signal.c                         0x00000000   Number         0  defsig_fpe_inner.o ABSOLUTE
    ../clib/signal.s                         0x00000000   Number         0  defsig.o ABSOLUTE
    ../clib/stdlib.c                         0x00000000   Number         0  rand.o ABSOLUTE
    ../clib/stdlib.c                         0x00000000   Number         0  rand.o ABSOLUTE
    ../clib/stdlib.c                         0x00000000   Number         0  exit.o ABSOLUTE
    ../clib/string.c                         0x00000000   Number         0  strlen.o ABSOLUTE
    ../fplib/fpinit.s                        0x00000000   Number         0  fpinit.o ABSOLUTE
    RTE\Device\MDR1986BE92\startup_MDR32F9Qx.s 0x00000000   Number         0  startup_mdr32f9qx.o ABSOLUTE
    RTE\Device\MDR1986BE92\system_MDR32F9Qx.c 0x00000000   Number         0  system_mdr32f9qx.o ABSOLUTE
    RTE\\Device\\MDR1986BE92\\system_MDR32F9Qx.c 0x00000000   Number         0  system_mdr32f9qx.o ABSOLUTE
    btn.c                                    0x00000000   Number         0  btn.o ABSOLUTE
    btn.c                                    0x00000000   Number         0  btn.o ABSOLUTE
    dc.s                                     0x00000000   Number         0  dc.o ABSOLUTE
    lcd.c                                    0x00000000   Number         0  lcd.o ABSOLUTE
    lcd.c                                    0x00000000   Number         0  lcd.o ABSOLUTE
    led.c                                    0x00000000   Number         0  led.o ABSOLUTE
    led.c                                    0x00000000   Number         0  led.o ABSOLUTE
    main.c                                   0x00000000   Number         0  main.o ABSOLUTE
    main.c                                   0x00000000   Number         0  main.o ABSOLUTE
    snake.c                                  0x00000000   Number         0  snake.o ABSOLUTE
    snake.c                                  0x00000000   Number         0  snake.o ABSOLUTE
    RESET                                    0x08000000   Section      192  startup_mdr32f9qx.o(RESET)
    !!!main                                  0x080000c0   Section        8  __main.o(!!!main)
    !!!scatter                               0x080000c8   Section       52  __scatter.o(!!!scatter)
    !!handler_copy                           0x080000fc   Section       26  __scatter_copy.o(!!handler_copy)
    !!handler_zi                             0x08000118   Section       28  __scatter_zi.o(!!handler_zi)
    .ARM.Collect$$_printf_percent$$00000000  0x08000134   Section        0  _printf_percent.o(.ARM.Collect$$_printf_percent$$00000000)
    .ARM.Collect$$_printf_percent$$00000009  0x08000134   Section        6  _printf_d.o(.ARM.Collect$$_printf_percent$$00000009)
    .ARM.Collect$$_printf_percent$$00000014  0x0800013a   Section        6  _printf_s.o(.ARM.Collect$$_printf_percent$$00000014)
    .ARM.Collect$$_printf_percent$$00000017  0x08000140   Section        4  _printf_percent_end.o(.ARM.Collect$$_printf_percent$$00000017)
    .ARM.Collect$$libinit$$00000000          0x08000144   Section        2  libinit.o(.ARM.Collect$$libinit$$00000000)
    .ARM.Collect$$libinit$$00000002          0x08000146   Section        0  libinit2.o(.ARM.Collect$$libinit$$00000002)
    .ARM.Collect$$libinit$$00000004          0x08000146   Section        0  libinit2.o(.ARM.Collect$$libinit$$00000004)
    .ARM.Collect$$libinit$$0000000A          0x08000146   Section        0  libinit2.o(.ARM.Collect$$libinit$$0000000A)
    .ARM.Collect$$libinit$$0000000C          0x08000146   Section        0  libinit2.o(.ARM.Collect$$libinit$$0000000C)
    .ARM.Collect$$libinit$$0000000D          0x08000146   Section        4  libinit2.o(.ARM.Collect$$libinit$$0000000D)
    .ARM.Collect$$libinit$$0000000E          0x0800014a   Section        0  libinit2.o(.ARM.Collect$$libinit$$0000000E)
    .ARM.Collect$$libinit$$00000011          0x0800014a   Section        0  libinit2.o(.ARM.Collect$$libinit$$00000011)
    .ARM.Collect$$libinit$$00000013          0x0800014a   Section        0  libinit2.o(.ARM.Collect$$libinit$$00000013)
    .ARM.Collect$$libinit$$00000015          0x0800014a   Section        0  libinit2.o(.ARM.Collect$$libinit$$00000015)
    .ARM.Collect$$libinit$$00000017          0x0800014a   Section        0  libinit2.o(.ARM.Collect$$libinit$$00000017)
    .ARM.Collect$$libinit$$00000019          0x0800014a   Section        0  libinit2.o(.ARM.Collect$$libinit$$00000019)
    .ARM.Collect$$libinit$$0000001B          0x0800014a   Section        0  libinit2.o(.ARM.Collect$$libinit$$0000001B)
    .ARM.Collect$$libinit$$0000001D          0x0800014a   Section        0  libinit2.o(.ARM.Collect$$libinit$$0000001D)
    .ARM.Collect$$libinit$$0000001F          0x0800014a   Section        0  libinit2.o(.ARM.Collect$$libinit$$0000001F)
    .ARM.Collect$$libinit$$00000021          0x0800014a   Section        0  libinit2.o(.ARM.Collect$$libinit$$00000021)
    .ARM.Collect$$libinit$$00000023          0x0800014a   Section        0  libinit2.o(.ARM.Collect$$libinit$$00000023)
    .ARM.Collect$$libinit$$00000025          0x0800014a   Section        0  libinit2.o(.ARM.Collect$$libinit$$00000025)
    .ARM.Collect$$libinit$$0000002C          0x0800014a   Section        0  libinit2.o(.ARM.Collect$$libinit$$0000002C)
    .ARM.Collect$$libinit$$0000002E          0x0800014a   Section        0  libinit2.o(.ARM.Collect$$libinit$$0000002E)
    .ARM.Collect$$libinit$$00000030          0x0800014a   Section        0  libinit2.o(.ARM.Collect$$libinit$$00000030)
    .ARM.Collect$$libinit$$00000032          0x0800014a   Section        0  libinit2.o(.ARM.Collect$$libinit$$00000032)
    .ARM.Collect$$libinit$$00000033          0x0800014a   Section        2  libinit2.o(.ARM.Collect$$libinit$$00000033)
    .ARM.Collect$$libshutdown$$00000000      0x0800014c   Section        2  libshutdown.o(.ARM.Collect$$libshutdown$$00000000)
    .ARM.Collect$$libshutdown$$00000002      0x0800014e   Section        0  libshutdown2.o(.ARM.Collect$$libshutdown$$00000002)
    .ARM.Collect$$libshutdown$$00000004      0x0800014e   Section        0  libshutdown2.o(.ARM.Collect$$libshutdown$$00000004)
    .ARM.Collect$$libshutdown$$00000007      0x0800014e   Section        0  libshutdown2.o(.ARM.Collect$$libshutdown$$00000007)
    .ARM.Collect$$libshutdown$$0000000A      0x0800014e   Section        0  libshutdown2.o(.ARM.Collect$$libshutdown$$0000000A)
    .ARM.Collect$$libshutdown$$0000000C      0x0800014e   Section        0  libshutdown2.o(.ARM.Collect$$libshutdown$$0000000C)
    .ARM.Collect$$libshutdown$$0000000F      0x0800014e   Section        0  libshutdown2.o(.ARM.Collect$$libshutdown$$0000000F)
    .ARM.Collect$$libshutdown$$00000010      0x0800014e   Section        2  libshutdown2.o(.ARM.Collect$$libshutdown$$00000010)
    .ARM.Collect$$rtentry$$00000000          0x08000150   Section        0  __rtentry.o(.ARM.Collect$$rtentry$$00000000)
    .ARM.Collect$$rtentry$$00000002          0x08000150   Section        0  __rtentry2.o(.ARM.Collect$$rtentry$$00000002)
    .ARM.Collect$$rtentry$$00000004          0x08000150   Section        6  __rtentry4.o(.ARM.Collect$$rtentry$$00000004)
    .ARM.Collect$$rtentry$$00000009          0x08000156   Section        0  __rtentry2.o(.ARM.Collect$$rtentry$$00000009)
    .ARM.Collect$$rtentry$$0000000A          0x08000156   Section        4  __rtentry2.o(.ARM.Collect$$rtentry$$0000000A)
    .ARM.Collect$$rtentry$$0000000C          0x0800015a   Section        0  __rtentry2.o(.ARM.Collect$$rtentry$$0000000C)
    .ARM.Collect$$rtentry$$0000000D          0x0800015a   Section        8  __rtentry2.o(.ARM.Collect$$rtentry$$0000000D)
    .ARM.Collect$$rtexit$$00000000           0x08000162   Section        2  rtexit.o(.ARM.Collect$$rtexit$$00000000)
    .ARM.Collect$$rtexit$$00000002           0x08000164   Section        0  rtexit2.o(.ARM.Collect$$rtexit$$00000002)
    .ARM.Collect$$rtexit$$00000003           0x08000164   Section        4  rtexit2.o(.ARM.Collect$$rtexit$$00000003)
    .ARM.Collect$$rtexit$$00000004           0x08000168   Section        6  rtexit2.o(.ARM.Collect$$rtexit$$00000004)
    .emb_text                                0x08000170   Section       52  rand.o(.emb_text)
    .text                                    0x080001a4   Section       64  startup_mdr32f9qx.o(.text)
    .text                                    0x080001e4   Section        0  noretval__2snprintf.o(.text)
    .text                                    0x08000218   Section        0  __printf.o(.text)
    .text                                    0x08000280   Section        0  _printf_str.o(.text)
    .text                                    0x080002d4   Section        0  _printf_dec.o(.text)
    .text                                    0x0800034c   Section        0  rand.o(.text)
    .text                                    0x08000388   Section        0  heapauxi.o(.text)
    .text                                    0x0800038e   Section        0  _printf_intcommon.o(.text)
    .text                                    0x08000440   Section        0  _printf_char_common.o(.text)
    _printf_input_char                       0x08000441   Thumb Code    10  _printf_char_common.o(.text)
    .text                                    0x08000470   Section        0  _sputc.o(.text)
    .text                                    0x0800047a   Section        0  _snputc.o(.text)
    .text                                    0x0800048a   Section        0  _printf_char.o(.text)
    .text                                    0x080004b6   Section       74  sys_stackheap_outer.o(.text)
    .text                                    0x08000500   Section        0  exit.o(.text)
    .text                                    0x08000514   Section        8  libspace.o(.text)
    .text                                    0x0800051c   Section        2  use_no_semi.o(.text)
    .text                                    0x0800051e   Section        0  indicate_semi.o(.text)
    .text                                    0x08000520   Section        0  sys_exit.o(.text)
    i.BTN_Init                               0x0800052c   Section        0  btn.o(i.BTN_Init)
    i.LCD_ClearPage                          0x08000744   Section        0  lcd.o(i.LCD_ClearPage)
    i.LCD_ClearScreen                        0x0800077e   Section        0  lcd.o(i.LCD_ClearScreen)
    i.LCD_ClearString                        0x080007a6   Section        0  lcd.o(i.LCD_ClearString)
    i.LCD_DataBusDirection                   0x080007bc   Section        0  lcd.o(i.LCD_DataBusDirection)
    i.LCD_Enable                             0x080007fc   Section        0  lcd.o(i.LCD_Enable)
    i.LCD_Init                               0x0800089c   Section        0  lcd.o(i.LCD_Init)
    i.LCD_PortCfg                            0x08000964   Section        0  lcd.o(i.LCD_PortCfg)
    i.LCD_PutImage                           0x08000aa4   Section        0  lcd.o(i.LCD_PutImage)
    i.LCD_PutString                          0x08000b9e   Section        0  lcd.o(i.LCD_PutString)
    i.LCD_PutSymbol                          0x08000bd8   Section        0  lcd.o(i.LCD_PutSymbol)
    i.LCD_ReadStatus                         0x08000cc4   Section        0  lcd.o(i.LCD_ReadStatus)
    i.LCD_Reset                              0x08000d80   Section        0  lcd.o(i.LCD_Reset)
    i.LCD_SetAddress                         0x08000df0   Section        0  lcd.o(i.LCD_SetAddress)
    i.LCD_SetDataBits                        0x08000e94   Section        0  lcd.o(i.LCD_SetDataBits)
    i.LCD_SetPage                            0x08000ed8   Section        0  lcd.o(i.LCD_SetPage)
    i.LCD_WriteData                          0x08000f7c   Section        0  lcd.o(i.LCD_WriteData)
    i.SystemCoreClockUpdate                  0x0800101c   Section        0  system_mdr32f9qx.o(i.SystemCoreClockUpdate)
    i.SystemInit                             0x080010ac   Section        0  system_mdr32f9qx.o(i.SystemInit)
    i.all_off                                0x080010ec   Section        0  led.o(i.all_off)
    i.delay                                  0x08001130   Section        0  led.o(i.delay)
    i.draw_food                              0x08001140   Section        0  snake.o(i.draw_food)
    i.draw_snake                             0x0800114e   Section        0  snake.o(i.draw_snake)
    i.generate_food                          0x08001182   Section        0  snake.o(i.generate_food)
    i.init_snake                             0x08001206   Section        0  snake.o(i.init_snake)
    i.main                                   0x08001220   Section        0  main.o(i.main)
    i.move_snake                             0x080012b8   Section        0  snake.o(i.move_snake)
    i.play_snake                             0x08001448   Section        0  snake.o(i.play_snake)
    i.select_led                             0x0800159c   Section        0  led.o(i.select_led)
    i.set_direction                          0x080015c0   Section        0  snake.o(i.set_direction)
    i.set_registers                          0x080016a4   Section        0  led.o(i.set_registers)
    i.shiftOut                               0x08001744   Section        0  led.o(i.shiftOut)
    i.switch_on                              0x080017cc   Section        0  led.o(i.switch_on)
    .constdata                               0x08001884   Section     1596  lcd.o(.constdata)
    font                                     0x08001884   Data        1344  lcd.o(.constdata)
    header                                   0x08001dc4   Data         252  lcd.o(.constdata)
    .data                                    0x20000000   Section       28  led.o(.data)
    .data                                    0x2000001c   Section        4  system_mdr32f9qx.o(.data)
    .bss                                     0x20000020   Section      228  rand.o(.bss)
    .bss                                     0x20000104   Section       96  libspace.o(.bss)
    HEAP                                     0x20000168   Section      512  startup_mdr32f9qx.o(HEAP)
    Heap_Mem                                 0x20000168   Data         512  startup_mdr32f9qx.o(HEAP)
    STACK                                    0x20000368   Section     1024  startup_mdr32f9qx.o(STACK)
    Stack_Mem                                0x20000368   Data        1024  startup_mdr32f9qx.o(STACK)
    __initial_sp                             0x20000768   Data           0  startup_mdr32f9qx.o(STACK)

    Global Symbols

    Symbol Name                              Value     Ov Type        Size  Object(Section)

    BuildAttributes$$THM_ISAv4$P$D$K$B$S$PE$A:L22UL41UL21$X:L11$S22US41US21$IEEE1$IW$USESV6$~STKCKD$USESV7$~SHL$OSPACE$ROPI$EBA8$UX$STANDARDLIB$REQ8$PRES8$EABIv2 0x00000000   Number         0  anon$$obj.o ABSOLUTE
    __ARM_use_no_argv                        0x00000000   Number         0  main.o ABSOLUTE
    __ARM_exceptions_init                     - Undefined Weak Reference
    __alloca_initialize                       - Undefined Weak Reference
    __arm_preinit_                            - Undefined Weak Reference
    __cpp_initialize__aeabi_                  - Undefined Weak Reference
    __cxa_finalize                            - Undefined Weak Reference
    __rt_locale                               - Undefined Weak Reference
    __sigvec_lookup                           - Undefined Weak Reference
    _atexit_init                              - Undefined Weak Reference
    _call_atexit_fns                          - Undefined Weak Reference
    _clock_init                               - Undefined Weak Reference
    _fp_trap_init                             - Undefined Weak Reference
    _fp_trap_shutdown                         - Undefined Weak Reference
    _get_lc_collate                           - Undefined Weak Reference
    _get_lc_ctype                             - Undefined Weak Reference
    _get_lc_monetary                          - Undefined Weak Reference
    _get_lc_numeric                           - Undefined Weak Reference
    _get_lc_time                              - Undefined Weak Reference
    _getenv_init                              - Undefined Weak Reference
    _handle_redirection                       - Undefined Weak Reference
    _init_alloc                               - Undefined Weak Reference
    _init_user_alloc                          - Undefined Weak Reference
    _initio                                   - Undefined Weak Reference
    _printf_mbtowc                            - Undefined Weak Reference
    _printf_post_padding                      - Undefined Weak Reference
    _printf_pre_padding                       - Undefined Weak Reference
    _printf_truncate_signed                   - Undefined Weak Reference
    _printf_truncate_unsigned                 - Undefined Weak Reference
    _signal_finish                            - Undefined Weak Reference
    _signal_init                              - Undefined Weak Reference
    _terminate_alloc                          - Undefined Weak Reference
    _terminate_user_alloc                     - Undefined Weak Reference
    _terminateio                              - Undefined Weak Reference
    __Vectors_Size                           0x000000c0   Number         0  startup_mdr32f9qx.o ABSOLUTE
    __Vectors                                0x08000000   Data           4  startup_mdr32f9qx.o(RESET)
    __Vectors_End                            0x080000c0   Data           0  startup_mdr32f9qx.o(RESET)
    __main                                   0x080000c1   Thumb Code     8  __main.o(!!!main)
    __scatterload                            0x080000c9   Thumb Code     0  __scatter.o(!!!scatter)
    __scatterload_rt2                        0x080000c9   Thumb Code    44  __scatter.o(!!!scatter)
    __scatterload_rt2_thumb_only             0x080000c9   Thumb Code     0  __scatter.o(!!!scatter)
    __scatterload_null                       0x080000d7   Thumb Code     0  __scatter.o(!!!scatter)
    __scatterload_copy                       0x080000fd   Thumb Code    26  __scatter_copy.o(!!handler_copy)
    __scatterload_zeroinit                   0x08000119   Thumb Code    28  __scatter_zi.o(!!handler_zi)
    _printf_d                                0x08000135   Thumb Code     0  _printf_d.o(.ARM.Collect$$_printf_percent$$00000009)
    _printf_percent                          0x08000135   Thumb Code     0  _printf_percent.o(.ARM.Collect$$_printf_percent$$00000000)
    _printf_s                                0x0800013b   Thumb Code     0  _printf_s.o(.ARM.Collect$$_printf_percent$$00000014)
    _printf_percent_end                      0x08000141   Thumb Code     0  _printf_percent_end.o(.ARM.Collect$$_printf_percent$$00000017)
    __rt_lib_init                            0x08000145   Thumb Code     0  libinit.o(.ARM.Collect$$libinit$$00000000)
    __rt_lib_init_fp_1                       0x08000147   Thumb Code     0  libinit2.o(.ARM.Collect$$libinit$$00000002)
    __rt_lib_init_heap_1                     0x08000147   Thumb Code     0  libinit2.o(.ARM.Collect$$libinit$$0000000A)
    __rt_lib_init_preinit_1                  0x08000147   Thumb Code     0  libinit2.o(.ARM.Collect$$libinit$$00000004)
    __rt_lib_init_rand_2                     0x08000147   Thumb Code     0  libinit2.o(.ARM.Collect$$libinit$$0000000D)
    __rt_lib_init_user_alloc_1               0x08000147   Thumb Code     0  libinit2.o(.ARM.Collect$$libinit$$0000000C)
    __rt_lib_init_alloca_1                   0x0800014b   Thumb Code     0  libinit2.o(.ARM.Collect$$libinit$$0000002E)
    __rt_lib_init_argv_1                     0x0800014b   Thumb Code     0  libinit2.o(.ARM.Collect$$libinit$$0000002C)
    __rt_lib_init_atexit_1                   0x0800014b   Thumb Code     0  libinit2.o(.ARM.Collect$$libinit$$0000001B)
    __rt_lib_init_clock_1                    0x0800014b   Thumb Code     0  libinit2.o(.ARM.Collect$$libinit$$00000021)
    __rt_lib_init_cpp_1                      0x0800014b   Thumb Code     0  libinit2.o(.ARM.Collect$$libinit$$00000032)
    __rt_lib_init_exceptions_1               0x0800014b   Thumb Code     0  libinit2.o(.ARM.Collect$$libinit$$00000030)
    __rt_lib_init_fp_trap_1                  0x0800014b   Thumb Code     0  libinit2.o(.ARM.Collect$$libinit$$0000001F)
    __rt_lib_init_getenv_1                   0x0800014b   Thumb Code     0  libinit2.o(.ARM.Collect$$libinit$$00000023)
    __rt_lib_init_lc_collate_1               0x0800014b   Thumb Code     0  libinit2.o(.ARM.Collect$$libinit$$00000011)
    __rt_lib_init_lc_ctype_1                 0x0800014b   Thumb Code     0  libinit2.o(.ARM.Collect$$libinit$$00000013)
    __rt_lib_init_lc_monetary_1              0x0800014b   Thumb Code     0  libinit2.o(.ARM.Collect$$libinit$$00000015)
    __rt_lib_init_lc_numeric_1               0x0800014b   Thumb Code     0  libinit2.o(.ARM.Collect$$libinit$$00000017)
    __rt_lib_init_lc_time_1                  0x0800014b   Thumb Code     0  libinit2.o(.ARM.Collect$$libinit$$00000019)
    __rt_lib_init_rand_1                     0x0800014b   Thumb Code     0  libinit2.o(.ARM.Collect$$libinit$$0000000E)
    __rt_lib_init_return                     0x0800014b   Thumb Code     0  libinit2.o(.ARM.Collect$$libinit$$00000033)
    __rt_lib_init_signal_1                   0x0800014b   Thumb Code     0  libinit2.o(.ARM.Collect$$libinit$$0000001D)
    __rt_lib_init_stdio_1                    0x0800014b   Thumb Code     0  libinit2.o(.ARM.Collect$$libinit$$00000025)
    __rt_lib_shutdown                        0x0800014d   Thumb Code     0  libshutdown.o(.ARM.Collect$$libshutdown$$00000000)
    __rt_lib_shutdown_cpp_1                  0x0800014f   Thumb Code     0  libshutdown2.o(.ARM.Collect$$libshutdown$$00000002)
    __rt_lib_shutdown_fp_trap_1              0x0800014f   Thumb Code     0  libshutdown2.o(.ARM.Collect$$libshutdown$$00000007)
    __rt_lib_shutdown_heap_1                 0x0800014f   Thumb Code     0  libshutdown2.o(.ARM.Collect$$libshutdown$$0000000F)
    __rt_lib_shutdown_return                 0x0800014f   Thumb Code     0  libshutdown2.o(.ARM.Collect$$libshutdown$$00000010)
    __rt_lib_shutdown_signal_1               0x0800014f   Thumb Code     0  libshutdown2.o(.ARM.Collect$$libshutdown$$0000000A)
    __rt_lib_shutdown_stdio_1                0x0800014f   Thumb Code     0  libshutdown2.o(.ARM.Collect$$libshutdown$$00000004)
    __rt_lib_shutdown_user_alloc_1           0x0800014f   Thumb Code     0  libshutdown2.o(.ARM.Collect$$libshutdown$$0000000C)
    __rt_entry                               0x08000151   Thumb Code     0  __rtentry.o(.ARM.Collect$$rtentry$$00000000)
    __rt_entry_presh_1                       0x08000151   Thumb Code     0  __rtentry2.o(.ARM.Collect$$rtentry$$00000002)
    __rt_entry_sh                            0x08000151   Thumb Code     0  __rtentry4.o(.ARM.Collect$$rtentry$$00000004)
    __rt_entry_li                            0x08000157   Thumb Code     0  __rtentry2.o(.ARM.Collect$$rtentry$$0000000A)
    __rt_entry_postsh_1                      0x08000157   Thumb Code     0  __rtentry2.o(.ARM.Collect$$rtentry$$00000009)
    __rt_entry_main                          0x0800015b   Thumb Code     0  __rtentry2.o(.ARM.Collect$$rtentry$$0000000D)
    __rt_entry_postli_1                      0x0800015b   Thumb Code     0  __rtentry2.o(.ARM.Collect$$rtentry$$0000000C)
    __rt_exit                                0x08000163   Thumb Code     0  rtexit.o(.ARM.Collect$$rtexit$$00000000)
    __rt_exit_ls                             0x08000165   Thumb Code     0  rtexit2.o(.ARM.Collect$$rtexit$$00000003)
    __rt_exit_prels_1                        0x08000165   Thumb Code     0  rtexit2.o(.ARM.Collect$$rtexit$$00000002)
    __rt_exit_exit                           0x08000169   Thumb Code     0  rtexit2.o(.ARM.Collect$$rtexit$$00000004)
    rand                                     0x08000171   Thumb Code    48  rand.o(.emb_text)
    Reset_Handler                            0x080001a5   Thumb Code     8  startup_mdr32f9qx.o(.text)
    NMI_Handler                              0x080001ad   Thumb Code     2  startup_mdr32f9qx.o(.text)
    HardFault_Handler                        0x080001af   Thumb Code     2  startup_mdr32f9qx.o(.text)
    MemManage_Handler                        0x080001b1   Thumb Code     2  startup_mdr32f9qx.o(.text)
    BusFault_Handler                         0x080001b3   Thumb Code     2  startup_mdr32f9qx.o(.text)
    UsageFault_Handler                       0x080001b5   Thumb Code     2  startup_mdr32f9qx.o(.text)
    SVC_Handler                              0x080001b7   Thumb Code     2  startup_mdr32f9qx.o(.text)
    DebugMon_Handler                         0x080001b9   Thumb Code     2  startup_mdr32f9qx.o(.text)
    PendSV_Handler                           0x080001bb   Thumb Code     2  startup_mdr32f9qx.o(.text)
    SysTick_Handler                          0x080001bd   Thumb Code     2  startup_mdr32f9qx.o(.text)
    ADC_IRQHandler                           0x080001bf   Thumb Code     0  startup_mdr32f9qx.o(.text)
    BACKUP_IRQHandler                        0x080001bf   Thumb Code     0  startup_mdr32f9qx.o(.text)
    CAN1_IRQHandler                          0x080001bf   Thumb Code     0  startup_mdr32f9qx.o(.text)
    CAN2_IRQHandler                          0x080001bf   Thumb Code     0  startup_mdr32f9qx.o(.text)
    COMPARATOR_IRQHandler                    0x080001bf   Thumb Code     0  startup_mdr32f9qx.o(.text)
    DMA_IRQHandler                           0x080001bf   Thumb Code     0  startup_mdr32f9qx.o(.text)
    EXT_INT1_IRQHandler                      0x080001bf   Thumb Code     0  startup_mdr32f9qx.o(.text)
    EXT_INT2_IRQHandler                      0x080001bf   Thumb Code     0  startup_mdr32f9qx.o(.text)
    EXT_INT3_IRQHandler                      0x080001bf   Thumb Code     0  startup_mdr32f9qx.o(.text)
    EXT_INT4_IRQHandler                      0x080001bf   Thumb Code     0  startup_mdr32f9qx.o(.text)
    I2C_IRQHandler                           0x080001bf   Thumb Code     0  startup_mdr32f9qx.o(.text)
    POWER_IRQHandler                         0x080001bf   Thumb Code     0  startup_mdr32f9qx.o(.text)
    SSP1_IRQHandler                          0x080001bf   Thumb Code     0  startup_mdr32f9qx.o(.text)
    SSP2_IRQHandler                          0x080001bf   Thumb Code     0  startup_mdr32f9qx.o(.text)
    Timer1_IRQHandler                        0x080001bf   Thumb Code     0  startup_mdr32f9qx.o(.text)
    Timer2_IRQHandler                        0x080001bf   Thumb Code     0  startup_mdr32f9qx.o(.text)
    Timer3_IRQHandler                        0x080001bf   Thumb Code     0  startup_mdr32f9qx.o(.text)
    UART1_IRQHandler                         0x080001bf   Thumb Code     0  startup_mdr32f9qx.o(.text)
    UART2_IRQHandler                         0x080001bf   Thumb Code     0  startup_mdr32f9qx.o(.text)
    USB_IRQHandler                           0x080001bf   Thumb Code     0  startup_mdr32f9qx.o(.text)
    WWDG_IRQHandler                          0x080001bf   Thumb Code     0  startup_mdr32f9qx.o(.text)
    __user_initial_stackheap                 0x080001c1   Thumb Code     0  startup_mdr32f9qx.o(.text)
    __2snprintf                              0x080001e5   Thumb Code    48  noretval__2snprintf.o(.text)
    __printf                                 0x08000219   Thumb Code   104  __printf.o(.text)
    _printf_str                              0x08000281   Thumb Code    82  _printf_str.o(.text)
    _printf_int_dec                          0x080002d5   Thumb Code   104  _printf_dec.o(.text)
    srand                                    0x0800034d   Thumb Code    42  rand.o(.text)
    _rand_init                               0x08000377   Thumb Code     4  rand.o(.text)
    __use_two_region_memory                  0x08000389   Thumb Code     2  heapauxi.o(.text)
    __rt_heap_escrow$2region                 0x0800038b   Thumb Code     2  heapauxi.o(.text)
    __rt_heap_expand$2region                 0x0800038d   Thumb Code     2  heapauxi.o(.text)
    _printf_int_common                       0x0800038f   Thumb Code   178  _printf_intcommon.o(.text)
    _printf_char_common                      0x0800044b   Thumb Code    32  _printf_char_common.o(.text)
    _sputc                                   0x08000471   Thumb Code    10  _sputc.o(.text)
    _snputc                                  0x0800047b   Thumb Code    16  _snputc.o(.text)
    _printf_cs_common                        0x0800048b   Thumb Code    20  _printf_char.o(.text)
    _printf_char                             0x0800049f   Thumb Code    16  _printf_char.o(.text)
    _printf_string                           0x080004af   Thumb Code     8  _printf_char.o(.text)
    __user_setup_stackheap                   0x080004b7   Thumb Code    74  sys_stackheap_outer.o(.text)
    exit                                     0x08000501   Thumb Code    18  exit.o(.text)
    __user_libspace                          0x08000515   Thumb Code     8  libspace.o(.text)
    __user_perproc_libspace                  0x08000515   Thumb Code     0  libspace.o(.text)
    __user_perthread_libspace                0x08000515   Thumb Code     0  libspace.o(.text)
    __I$use$semihosting                      0x0800051d   Thumb Code     0  use_no_semi.o(.text)
    __use_no_semihosting_swi                 0x0800051d   Thumb Code     2  use_no_semi.o(.text)
    __semihosting_library_function           0x0800051f   Thumb Code     0  indicate_semi.o(.text)
    _sys_exit                                0x08000521   Thumb Code     8  sys_exit.o(.text)
    BTN_Init                                 0x0800052d   Thumb Code   520  btn.o(i.BTN_Init)
    LCD_ClearPage                            0x08000745   Thumb Code    58  lcd.o(i.LCD_ClearPage)
    LCD_ClearScreen                          0x0800077f   Thumb Code    40  lcd.o(i.LCD_ClearScreen)
    LCD_ClearString                          0x080007a7   Thumb Code    22  lcd.o(i.LCD_ClearString)
    LCD_DataBusDirection                     0x080007bd   Thumb Code    54  lcd.o(i.LCD_DataBusDirection)
    LCD_Enable                               0x080007fd   Thumb Code   142  lcd.o(i.LCD_Enable)
    LCD_Init                                 0x0800089d   Thumb Code   176  lcd.o(i.LCD_Init)
    LCD_PortCfg                              0x08000965   Thumb Code   298  lcd.o(i.LCD_PortCfg)
    LCD_PutImage                             0x08000aa5   Thumb Code   250  lcd.o(i.LCD_PutImage)
    LCD_PutString                            0x08000b9f   Thumb Code    58  lcd.o(i.LCD_PutString)
    LCD_PutSymbol                            0x08000bd9   Thumb Code   232  lcd.o(i.LCD_PutSymbol)
    LCD_ReadStatus                           0x08000cc5   Thumb Code   162  lcd.o(i.LCD_ReadStatus)
    LCD_Reset                                0x08000d81   Thumb Code    96  lcd.o(i.LCD_Reset)
    LCD_SetAddress                           0x08000df1   Thumb Code   146  lcd.o(i.LCD_SetAddress)
    LCD_SetDataBits                          0x08000e95   Thumb Code    60  lcd.o(i.LCD_SetDataBits)
    LCD_SetPage                              0x08000ed9   Thumb Code   146  lcd.o(i.LCD_SetPage)
    LCD_WriteData                            0x08000f7d   Thumb Code   144  lcd.o(i.LCD_WriteData)
    SystemCoreClockUpdate                    0x0800101d   Thumb Code   130  system_mdr32f9qx.o(i.SystemCoreClockUpdate)
    SystemInit                               0x080010ad   Thumb Code    54  system_mdr32f9qx.o(i.SystemInit)
    all_off                                  0x080010ed   Thumb Code    38  led.o(i.all_off)
    delay                                    0x08001131   Thumb Code    12  led.o(i.delay)
    draw_food                                0x08001141   Thumb Code    14  snake.o(i.draw_food)
    draw_snake                               0x0800114f   Thumb Code    52  snake.o(i.draw_snake)
    generate_food                            0x08001183   Thumb Code   132  snake.o(i.generate_food)
    init_snake                               0x08001207   Thumb Code    26  snake.o(i.init_snake)
    main                                     0x08001221   Thumb Code   106  main.o(i.main)
    move_snake                               0x080012b9   Thumb Code   398  snake.o(i.move_snake)
    play_snake                               0x08001449   Thumb Code   282  snake.o(i.play_snake)
    select_led                               0x0800159d   Thumb Code    36  led.o(i.select_led)
    set_direction                            0x080015c1   Thumb Code   226  snake.o(i.set_direction)
    set_registers                            0x080016a5   Thumb Code   126  led.o(i.set_registers)
    shiftOut                                 0x08001745   Thumb Code   130  led.o(i.shiftOut)
    switch_on                                0x080017cd   Thumb Code   154  led.o(i.switch_on)
    Region$$Table$$Base                      0x08001ec0   Number         0  anon$$obj.o(Region$$Table)
    Region$$Table$$Limit                     0x08001ee0   Number         0  anon$$obj.o(Region$$Table)
    register_1                               0x20000000   Data           4  led.o(.data)
    register_2                               0x20000004   Data           4  led.o(.data)
    register_3                               0x20000008   Data           4  led.o(.data)
    register_4                               0x2000000c   Data           4  led.o(.data)
    register_5                               0x20000010   Data           4  led.o(.data)
    register_6                               0x20000014   Data           4  led.o(.data)
    register_7                               0x20000018   Data           4  led.o(.data)
    SystemCoreClock                          0x2000001c   Data           4  system_mdr32f9qx.o(.data)
    _random_number_data                      0x20000020   Data         228  rand.o(.bss)
    __libspace_start                         0x20000104   Data          96  libspace.o(.bss)
    __temporary_stack_top$libspace           0x20000164   Data           0  libspace.o(.bss)



==============================================================================

Memory Map of the image

  Image Entry point : 0x080001a5

  Load Region LR_1 (Base: 0x08000000, Size: 0x00001f00, Max: 0xffffffff, ABSOLUTE)

    Execution Region ER_RO (Exec base: 0x08000000, Load base: 0x08000000, Size: 0x00001ee0, Max: 0xffffffff, ABSOLUTE)

    Exec Addr    Load Addr    Size         Type   Attr      Idx    E Section Name        Object

    0x08000000   0x08000000   0x000000c0   Data   RO          369    RESET               startup_mdr32f9qx.o
    0x080000c0   0x080000c0   0x00000008   Code   RO          460  * !!!main             c_w.l(__main.o)
    0x080000c8   0x080000c8   0x00000034   Code   RO          630    !!!scatter          c_w.l(__scatter.o)
    0x080000fc   0x080000fc   0x0000001a   Code   RO          632    !!handler_copy      c_w.l(__scatter_copy.o)
    0x08000116   0x08000116   0x00000002   PAD
    0x08000118   0x08000118   0x0000001c   Code   RO          634    !!handler_zi        c_w.l(__scatter_zi.o)
    0x08000134   0x08000134   0x00000000   Code   RO          450    .ARM.Collect$$_printf_percent$$00000000  c_w.l(_printf_percent.o)
    0x08000134   0x08000134   0x00000006   Code   RO          449    .ARM.Collect$$_printf_percent$$00000009  c_w.l(_printf_d.o)
    0x0800013a   0x0800013a   0x00000006   Code   RO          448    .ARM.Collect$$_printf_percent$$00000014  c_w.l(_printf_s.o)
    0x08000140   0x08000140   0x00000004   Code   RO          473    .ARM.Collect$$_printf_percent$$00000017  c_w.l(_printf_percent_end.o)
    0x08000144   0x08000144   0x00000002   Code   RO          553    .ARM.Collect$$libinit$$00000000  c_w.l(libinit.o)
    0x08000146   0x08000146   0x00000000   Code   RO          475    .ARM.Collect$$libinit$$00000002  c_w.l(libinit2.o)
    0x08000146   0x08000146   0x00000000   Code   RO          477    .ARM.Collect$$libinit$$00000004  c_w.l(libinit2.o)
    0x08000146   0x08000146   0x00000000   Code   RO          480    .ARM.Collect$$libinit$$0000000A  c_w.l(libinit2.o)
    0x08000146   0x08000146   0x00000000   Code   RO          482    .ARM.Collect$$libinit$$0000000C  c_w.l(libinit2.o)
    0x08000146   0x08000146   0x00000004   Code   RO          483    .ARM.Collect$$libinit$$0000000D  c_w.l(libinit2.o)
    0x0800014a   0x0800014a   0x00000000   Code   RO          484    .ARM.Collect$$libinit$$0000000E  c_w.l(libinit2.o)
    0x0800014a   0x0800014a   0x00000000   Code   RO          487    .ARM.Collect$$libinit$$00000011  c_w.l(libinit2.o)
    0x0800014a   0x0800014a   0x00000000   Code   RO          489    .ARM.Collect$$libinit$$00000013  c_w.l(libinit2.o)
    0x0800014a   0x0800014a   0x00000000   Code   RO          491    .ARM.Collect$$libinit$$00000015  c_w.l(libinit2.o)
    0x0800014a   0x0800014a   0x00000000   Code   RO          493    .ARM.Collect$$libinit$$00000017  c_w.l(libinit2.o)
    0x0800014a   0x0800014a   0x00000000   Code   RO          495    .ARM.Collect$$libinit$$00000019  c_w.l(libinit2.o)
    0x0800014a   0x0800014a   0x00000000   Code   RO          497    .ARM.Collect$$libinit$$0000001B  c_w.l(libinit2.o)
    0x0800014a   0x0800014a   0x00000000   Code   RO          499    .ARM.Collect$$libinit$$0000001D  c_w.l(libinit2.o)
    0x0800014a   0x0800014a   0x00000000   Code   RO          501    .ARM.Collect$$libinit$$0000001F  c_w.l(libinit2.o)
    0x0800014a   0x0800014a   0x00000000   Code   RO          503    .ARM.Collect$$libinit$$00000021  c_w.l(libinit2.o)
    0x0800014a   0x0800014a   0x00000000   Code   RO          505    .ARM.Collect$$libinit$$00000023  c_w.l(libinit2.o)
    0x0800014a   0x0800014a   0x00000000   Code   RO          507    .ARM.Collect$$libinit$$00000025  c_w.l(libinit2.o)
    0x0800014a   0x0800014a   0x00000000   Code   RO          511    .ARM.Collect$$libinit$$0000002C  c_w.l(libinit2.o)
    0x0800014a   0x0800014a   0x00000000   Code   RO          513    .ARM.Collect$$libinit$$0000002E  c_w.l(libinit2.o)
    0x0800014a   0x0800014a   0x00000000   Code   RO          515    .ARM.Collect$$libinit$$00000030  c_w.l(libinit2.o)
    0x0800014a   0x0800014a   0x00000000   Code   RO          517    .ARM.Collect$$libinit$$00000032  c_w.l(libinit2.o)
    0x0800014a   0x0800014a   0x00000002   Code   RO          518    .ARM.Collect$$libinit$$00000033  c_w.l(libinit2.o)
    0x0800014c   0x0800014c   0x00000002   Code   RO          591    .ARM.Collect$$libshutdown$$00000000  c_w.l(libshutdown.o)
    0x0800014e   0x0800014e   0x00000000   Code   RO          597    .ARM.Collect$$libshutdown$$00000002  c_w.l(libshutdown2.o)
    0x0800014e   0x0800014e   0x00000000   Code   RO          599    .ARM.Collect$$libshutdown$$00000004  c_w.l(libshutdown2.o)
    0x0800014e   0x0800014e   0x00000000   Code   RO          602    .ARM.Collect$$libshutdown$$00000007  c_w.l(libshutdown2.o)
    0x0800014e   0x0800014e   0x00000000   Code   RO          605    .ARM.Collect$$libshutdown$$0000000A  c_w.l(libshutdown2.o)
    0x0800014e   0x0800014e   0x00000000   Code   RO          607    .ARM.Collect$$libshutdown$$0000000C  c_w.l(libshutdown2.o)
    0x0800014e   0x0800014e   0x00000000   Code   RO          610    .ARM.Collect$$libshutdown$$0000000F  c_w.l(libshutdown2.o)
    0x0800014e   0x0800014e   0x00000002   Code   RO          611    .ARM.Collect$$libshutdown$$00000010  c_w.l(libshutdown2.o)
    0x08000150   0x08000150   0x00000000   Code   RO          462    .ARM.Collect$$rtentry$$00000000  c_w.l(__rtentry.o)
    0x08000150   0x08000150   0x00000000   Code   RO          520    .ARM.Collect$$rtentry$$00000002  c_w.l(__rtentry2.o)
    0x08000150   0x08000150   0x00000006   Code   RO          532    .ARM.Collect$$rtentry$$00000004  c_w.l(__rtentry4.o)
    0x08000156   0x08000156   0x00000000   Code   RO          522    .ARM.Collect$$rtentry$$00000009  c_w.l(__rtentry2.o)
    0x08000156   0x08000156   0x00000004   Code   RO          523    .ARM.Collect$$rtentry$$0000000A  c_w.l(__rtentry2.o)
    0x0800015a   0x0800015a   0x00000000   Code   RO          525    .ARM.Collect$$rtentry$$0000000C  c_w.l(__rtentry2.o)
    0x0800015a   0x0800015a   0x00000008   Code   RO          526    .ARM.Collect$$rtentry$$0000000D  c_w.l(__rtentry2.o)
    0x08000162   0x08000162   0x00000002   Code   RO          559    .ARM.Collect$$rtexit$$00000000  c_w.l(rtexit.o)
    0x08000164   0x08000164   0x00000000   Code   RO          571    .ARM.Collect$$rtexit$$00000002  c_w.l(rtexit2.o)
    0x08000164   0x08000164   0x00000004   Code   RO          572    .ARM.Collect$$rtexit$$00000003  c_w.l(rtexit2.o)
    0x08000168   0x08000168   0x00000006   Code   RO          573    .ARM.Collect$$rtexit$$00000004  c_w.l(rtexit2.o)
    0x0800016e   0x0800016e   0x00000002   PAD
    0x08000170   0x08000170   0x00000034   Code   RO          451    .emb_text           c_w.l(rand.o)
    0x080001a4   0x080001a4   0x00000040   Code   RO          370  * .text               startup_mdr32f9qx.o
    0x080001e4   0x080001e4   0x00000034   Code   RO          420    .text               c_w.l(noretval__2snprintf.o)
    0x08000218   0x08000218   0x00000068   Code   RO          422    .text               c_w.l(__printf.o)
    0x08000280   0x08000280   0x00000052   Code   RO          424    .text               c_w.l(_printf_str.o)
    0x080002d2   0x080002d2   0x00000002   PAD
    0x080002d4   0x080002d4   0x00000078   Code   RO          426    .text               c_w.l(_printf_dec.o)
    0x0800034c   0x0800034c   0x0000003c   Code   RO          452    .text               c_w.l(rand.o)
    0x08000388   0x08000388   0x00000006   Code   RO          458    .text               c_w.l(heapauxi.o)
    0x0800038e   0x0800038e   0x000000b2   Code   RO          463    .text               c_w.l(_printf_intcommon.o)
    0x08000440   0x08000440   0x00000030   Code   RO          465    .text               c_w.l(_printf_char_common.o)
    0x08000470   0x08000470   0x0000000a   Code   RO          467    .text               c_w.l(_sputc.o)
    0x0800047a   0x0800047a   0x00000010   Code   RO          469    .text               c_w.l(_snputc.o)
    0x0800048a   0x0800048a   0x0000002c   Code   RO          471    .text               c_w.l(_printf_char.o)
    0x080004b6   0x080004b6   0x0000004a   Code   RO          540    .text               c_w.l(sys_stackheap_outer.o)
    0x08000500   0x08000500   0x00000012   Code   RO          542    .text               c_w.l(exit.o)
    0x08000512   0x08000512   0x00000002   PAD
    0x08000514   0x08000514   0x00000008   Code   RO          556    .text               c_w.l(libspace.o)
    0x0800051c   0x0800051c   0x00000002   Code   RO          567    .text               c_w.l(use_no_semi.o)
    0x0800051e   0x0800051e   0x00000000   Code   RO          569    .text               c_w.l(indicate_semi.o)
    0x0800051e   0x0800051e   0x00000002   PAD
    0x08000520   0x08000520   0x0000000c   Code   RO          583    .text               c_w.l(sys_exit.o)
    0x0800052c   0x0800052c   0x00000218   Code   RO           79    i.BTN_Init          btn.o
    0x08000744   0x08000744   0x0000003a   Code   RO          101    i.LCD_ClearPage     lcd.o
    0x0800077e   0x0800077e   0x00000028   Code   RO          102    i.LCD_ClearScreen   lcd.o
    0x080007a6   0x080007a6   0x00000016   Code   RO          103    i.LCD_ClearString   lcd.o
    0x080007bc   0x080007bc   0x00000040   Code   RO          104    i.LCD_DataBusDirection  lcd.o
    0x080007fc   0x080007fc   0x000000a0   Code   RO          106    i.LCD_Enable        lcd.o
    0x0800089c   0x0800089c   0x000000c8   Code   RO          107    i.LCD_Init          lcd.o
    0x08000964   0x08000964   0x00000140   Code   RO          108    i.LCD_PortCfg       lcd.o
    0x08000aa4   0x08000aa4   0x000000fa   Code   RO          109    i.LCD_PutImage      lcd.o
    0x08000b9e   0x08000b9e   0x0000003a   Code   RO          110    i.LCD_PutString     lcd.o
    0x08000bd8   0x08000bd8   0x000000ec   Code   RO          111    i.LCD_PutSymbol     lcd.o
    0x08000cc4   0x08000cc4   0x000000bc   Code   RO          113    i.LCD_ReadStatus    lcd.o
    0x08000d80   0x08000d80   0x00000070   Code   RO          114    i.LCD_Reset         lcd.o
    0x08000df0   0x08000df0   0x000000a4   Code   RO          116    i.LCD_SetAddress    lcd.o
    0x08000e94   0x08000e94   0x00000044   Code   RO          117    i.LCD_SetDataBits   lcd.o
    0x08000ed8   0x08000ed8   0x000000a4   Code   RO          118    i.LCD_SetPage       lcd.o
    0x08000f7c   0x08000f7c   0x000000a0   Code   RO          119    i.LCD_WriteData     lcd.o
    0x0800101c   0x0800101c   0x00000090   Code   RO          376    i.SystemCoreClockUpdate  system_mdr32f9qx.o
    0x080010ac   0x080010ac   0x00000040   Code   RO          377    i.SystemInit        system_mdr32f9qx.o
    0x080010ec   0x080010ec   0x00000044   Code   RO          245    i.all_off           led.o
    0x08001130   0x08001130   0x00000010   Code   RO          246    i.delay             led.o
    0x08001140   0x08001140   0x0000000e   Code   RO          311    i.draw_food         snake.o
    0x0800114e   0x0800114e   0x00000034   Code   RO          312    i.draw_snake        snake.o
    0x08001182   0x08001182   0x00000084   Code   RO          313    i.generate_food     snake.o
    0x08001206   0x08001206   0x0000001a   Code   RO          314    i.init_snake        snake.o
    0x08001220   0x08001220   0x00000098   Code   RO            3    i.main              main.o
    0x080012b8   0x080012b8   0x0000018e   Code   RO          315    i.move_snake        snake.o
    0x08001446   0x08001446   0x00000002   PAD
    0x08001448   0x08001448   0x00000154   Code   RO          316    i.play_snake        snake.o
    0x0800159c   0x0800159c   0x00000024   Code   RO          248    i.select_led        led.o
    0x080015c0   0x080015c0   0x000000e2   Code   RO          317    i.set_direction     snake.o
    0x080016a2   0x080016a2   0x00000002   PAD
    0x080016a4   0x080016a4   0x000000a0   Code   RO          249    i.set_registers     led.o
    0x08001744   0x08001744   0x00000088   Code   RO          250    i.shiftOut          led.o
    0x080017cc   0x080017cc   0x000000b8   Code   RO          252    i.switch_on         led.o
    0x08001884   0x08001884   0x0000063c   Data   RO          120    .constdata          lcd.o
    0x08001ec0   0x08001ec0   0x00000020   Data   RO          628    Region$$Table       anon$$obj.o


    Execution Region ER_RW (Exec base: 0x20000000, Load base: 0x08001ee0, Size: 0x00000020, Max: 0xffffffff, ABSOLUTE)

    Exec Addr    Load Addr    Size         Type   Attr      Idx    E Section Name        Object

    0x20000000   0x08001ee0   0x0000001c   Data   RW          254    .data               led.o
    0x2000001c   0x08001efc   0x00000004   Data   RW          378    .data               system_mdr32f9qx.o


    Execution Region ER_ZI (Exec base: 0x20000020, Load base: 0x08001f00, Size: 0x00000748, Max: 0xffffffff, ABSOLUTE)

    Exec Addr    Load Addr    Size         Type   Attr      Idx    E Section Name        Object

    0x20000020        -       0x000000e4   Zero   RW          453    .bss                c_w.l(rand.o)
    0x20000104        -       0x00000060   Zero   RW          557    .bss                c_w.l(libspace.o)
    0x20000164   0x08001f00   0x00000004   PAD
    0x20000168        -       0x00000200   Zero   RW          368    HEAP                startup_mdr32f9qx.o
    0x20000368        -       0x00000400   Zero   RW          367    STACK               startup_mdr32f9qx.o


==============================================================================

Image component sizes


      Code (inc. data)   RO Data    RW Data    ZI Data      Debug   Object Name

       536         16          0          0          0        551   btn.o
      2264        180       1596          0          0       9842   lcd.o
       600        110          0         28          0       3373   led.o
       152         46          0          0          0       6039   main.o
      1188         88          0          0          0       4700   snake.o
        64         26        192          0       1536        792   startup_mdr32f9qx.o
       208         24          0          4          0       1335   system_mdr32f9qx.o

    ----------------------------------------------------------------------
      5016        490       1820         32       1536      26632   Object Totals
         0          0         32          0          0          0   (incl. Generated)
         4          0          0          0          0          0   (incl. Padding)

    ----------------------------------------------------------------------

      Code (inc. data)   RO Data    RW Data    ZI Data      Debug   Library Member Name

         8          0          0          0          0         68   __main.o
       104          0          0          0          0         84   __printf.o
         0          0          0          0          0          0   __rtentry.o
        12          0          0          0          0          0   __rtentry2.o
         6          0          0          0          0          0   __rtentry4.o
        52          8          0          0          0          0   __scatter.o
        26          0          0          0          0          0   __scatter_copy.o
        28          0          0          0          0          0   __scatter_zi.o
        44          0          0          0          0        108   _printf_char.o
        48          6          0          0          0         96   _printf_char_common.o
         6          0          0          0          0          0   _printf_d.o
       120         16          0          0          0         92   _printf_dec.o
       178          0          0          0          0         88   _printf_intcommon.o
         0          0          0          0          0          0   _printf_percent.o
         4          0          0          0          0          0   _printf_percent_end.o
         6          0          0          0          0          0   _printf_s.o
        82          0          0          0          0         80   _printf_str.o
        16          0          0          0          0         68   _snputc.o
        10          0          0          0          0         68   _sputc.o
        18          0          0          0          0         80   exit.o
         6          0          0          0          0        152   heapauxi.o
         0          0          0          0          0          0   indicate_semi.o
         2          0          0          0          0          0   libinit.o
         6          0          0          0          0          0   libinit2.o
         2          0          0          0          0          0   libshutdown.o
         2          0          0          0          0          0   libshutdown2.o
         8          4          0          0         96         68   libspace.o
        52          4          0          0          0         84   noretval__2snprintf.o
       112         18          0          0        228        160   rand.o
         2          0          0          0          0          0   rtexit.o
        10          0          0          0          0          0   rtexit2.o
        12          4          0          0          0         68   sys_exit.o
        74          0          0          0          0         80   sys_stackheap_outer.o
         2          0          0          0          0         68   use_no_semi.o

    ----------------------------------------------------------------------
      1068         60          0          0        328       1512   Library Totals
        10          0          0          0          4          0   (incl. Padding)

    ----------------------------------------------------------------------

      Code (inc. data)   RO Data    RW Data    ZI Data      Debug   Library Name

      1058         60          0          0        324       1512   c_w.l

    ----------------------------------------------------------------------
      1068         60          0          0        328       1512   Library Totals

    ----------------------------------------------------------------------

==============================================================================


      Code (inc. data)   RO Data    RW Data    ZI Data      Debug   

      6084        550       1820         32       1864      25852   Grand Totals
      6084        550       1820         32       1864      25852   ELF Image Totals
      6084        550       1820         32          0          0   ROM Totals

==============================================================================

    Total RO  Size (Code + RO Data)                 7904 (   7.72kB)
    Total RW  Size (RW Data + ZI Data)              1896 (   1.85kB)
    Total ROM Size (Code + RO Data + RW Data)       7936 (   7.75kB)

==============================================================================

